================================================================================
BUILD ABT LOGIT BINÁRIO | GERAL
================================================================================
[OK] Base carregada: /home/eq_lucas/Documents/projetos/federal-microdata-kdd/data/04_curated/parquet/inscricoes_fies_2019_2021.parquet
[OK] Linhas: 2197234 | Colunas: 119
[OK] ABT salva em: /home/eq_lucas/Documents/projetos/federal-microdata-kdd/data/06_abt/abt_contratacao_binaria_geral.parquet
[OK] Metadados salvos em: /home/eq_lucas/Documents/projetos/federal-microdata-kdd/data/06_abt/abt_contratacao_binaria_geral_metadata.json
[OK] Resumo salvo em: /home/eq_lucas/Documents/projetos/federal-microdata-kdd/reports/logs/abt_logit_binario_geral_resumo.csv
================================================================================
BUILD ABT LOGIT BINÁRIO | GERAL
================================================================================
[OK] Base carregada: /home/eq_lucas/Documents/projetos/federal-microdata-kdd/data/04_curated/parquet/inscricoes_fies_2019_2021.parquet
[OK] Linhas: 2197234 | Colunas: 119
[OK] ABT salva em: /home/eq_lucas/Documents/projetos/federal-microdata-kdd/data/06_abt/abt_contratacao_binaria_geral.parquet
[OK] Metadados salvos em: /home/eq_lucas/Documents/projetos/federal-microdata-kdd/data/06_abt/abt_contratacao_binaria_geral_metadata.json
[OK] Resumo salvo em: /home/eq_lucas/Documents/projetos/federal-microdata-kdd/reports/logs/abt_logit_binario_geral_resumo.csv
================================================================================
BUILD ABT LOGIT BINÁRIO | GERAL
================================================================================
[OK] Base carregada: /home/eq_lucas/Documents/projetos/federal-microdata-kdd/data/04_curated/parquet/inscricoes_fies_2019_2021.parquet
[OK] Linhas: 2197234 | Colunas: 119
[OK] ABT salva em: /home/eq_lucas/Documents/projetos/federal-microdata-kdd/data/06_abt/abt_contratacao_binaria_geral.parquet
[OK] Metadados salvos em: /home/eq_lucas/Documents/projetos/federal-microdata-kdd/data/06_abt/abt_contratacao_binaria_geral_metadata.json
[OK] Resumo salvo em: /home/eq_lucas/Documents/projetos/federal-microdata-kdd/reports/logs/abt_logit_binario_geral_resumo.csv
================================================================================
BUILD ABT LOGIT BINÁRIO | GERAL
================================================================================
[OK] Base carregada: /home/eq_lucas/Documents/projetos/federal-microdata-kdd/data/04_curated/parquet/inscricoes_fies_2019_2021.parquet
[OK] Linhas: 2197234 | Colunas: 119
[OK] ABT salva em: /home/eq_lucas/Documents/projetos/federal-microdata-kdd/data/06_abt/abt_contratacao_binaria_geral.parquet
[OK] Metadados salvos em: /home/eq_lucas/Documents/projetos/federal-microdata-kdd/data/06_abt/abt_contratacao_binaria_geral_metadata.json
[OK] Resumo salvo em: /home/eq_lucas/Documents/projetos/federal-microdata-kdd/reports/logs/abt_logit_binario_geral_resumo.csv
================================================================================
BUILD ABT LOGIT BINÁRIO | GERAL
================================================================================
[OK] Base carregada: /home/eq_lucas/Documents/projetos/federal-microdata-kdd/data/04_curated/parquet/inscricoes_fies_2019_2021.parquet
[OK] Linhas: 2197234 | Colunas: 119
[OK] ABT salva em: /home/eq_lucas/Documents/projetos/federal-microdata-kdd/data/06_abt/abt_contratacao_binaria_geral.parquet
[OK] Metadados salvos em: /home/eq_lucas/Documents/projetos/federal-microdata-kdd/data/06_abt/abt_contratacao_binaria_geral_metadata.json
[OK] Resumo salvo em: /home/eq_lucas/Documents/projetos/federal-microdata-kdd/reports/logs/abt_logit_binario_geral_resumo.csv
================================================================================
BUILD ABT LOGIT BINÁRIO | GERAL
================================================================================
[OK] Base carregada: /home/eq_lucas/Documents/projetos/federal-microdata-kdd/data/04_curated/parquet/inscricoes_fies_2019_2021.parquet
[OK] Linhas: 2197234 | Colunas: 119
[OK] ABT salva em: /home/eq_lucas/Documents/projetos/federal-microdata-kdd/data/06_abt/abt_contratacao_binaria_geral.parquet
[OK] Metadados salvos em: /home/eq_lucas/Documents/projetos/federal-microdata-kdd/data/06_abt/abt_contratacao_binaria_geral_metadata.json
[OK] Resumo salvo em: /home/eq_lucas/Documents/projetos/federal-microdata-kdd/reports/logs/abt_logit_binario_geral_resumo.csv
