================================================================================
BUILD ABT LOGIT TERNÁRIO | GERAL
================================================================================
[OK] Base carregada: /home/eq_lucas/Documents/projetos/federal-microdata-kdd/data/04_curated/parquet/inscricoes_fies_2019_2021.parquet
[OK] Linhas: 2197234 | Colunas: 119
[OK] Recorte geral aplicado | linhas: 2197234
[OK] ABT salva em: /home/eq_lucas/Documents/projetos/federal-microdata-kdd/data/06_abt/abt_contratacao_ternaria_recorte_geral.parquet
[OK] Metadados salvos em: /home/eq_lucas/Documents/projetos/federal-microdata-kdd/data/06_abt/abt_contratacao_ternaria_recorte_geral_metadata.json
[OK] Resumo salvo em: /home/eq_lucas/Documents/projetos/federal-microdata-kdd/reports/logs/abt_logit_ternario_geral_resumo.csv
================================================================================
BUILD ABT LOGIT TERNÁRIO | MEDICINA
================================================================================
[OK] Base carregada: /home/eq_lucas/Documents/projetos/federal-microdata-kdd/data/04_curated/parquet/inscricoes_fies_2019_2021.parquet
[OK] Linhas: 2197234 | Colunas: 119
[OK] Recorte Medicina aplicado por subarea_conhecimento | linhas: 324653
[OK] ABT salva em: /home/eq_lucas/Documents/projetos/federal-microdata-kdd/data/06_abt/abt_contratacao_ternaria_recorte_medicina.parquet
[OK] Metadados salvos em: /home/eq_lucas/Documents/projetos/federal-microdata-kdd/data/06_abt/abt_contratacao_ternaria_recorte_medicina_metadata.json
[OK] Resumo salvo em: /home/eq_lucas/Documents/projetos/federal-microdata-kdd/reports/logs/abt_logit_ternario_medicina_resumo.csv
================================================================================
BUILD ABT LOGIT TERNÁRIO | GERAL
================================================================================
[OK] Base carregada: /home/eq_lucas/Documents/projetos/federal-microdata-kdd/data/04_curated/parquet/inscricoes_fies_2019_2021.parquet
[OK] Linhas: 2197234 | Colunas: 119
[OK] Recorte geral aplicado | linhas: 2197234
[OK] ABT salva em: /home/eq_lucas/Documents/projetos/federal-microdata-kdd/data/06_abt/abt_contratacao_ternaria_recorte_geral.parquet
[OK] Metadados salvos em: /home/eq_lucas/Documents/projetos/federal-microdata-kdd/data/06_abt/abt_contratacao_ternaria_recorte_geral_metadata.json
[OK] Resumo salvo em: /home/eq_lucas/Documents/projetos/federal-microdata-kdd/reports/logs/abt_logit_ternario_geral_resumo.csv
================================================================================
BUILD ABT LOGIT TERNÁRIO | MEDICINA
================================================================================
[OK] Base carregada: /home/eq_lucas/Documents/projetos/federal-microdata-kdd/data/04_curated/parquet/inscricoes_fies_2019_2021.parquet
[OK] Linhas: 2197234 | Colunas: 119
[OK] Recorte Medicina aplicado por subarea_conhecimento | linhas: 324653
[OK] ABT salva em: /home/eq_lucas/Documents/projetos/federal-microdata-kdd/data/06_abt/abt_contratacao_ternaria_recorte_medicina.parquet
[OK] Metadados salvos em: /home/eq_lucas/Documents/projetos/federal-microdata-kdd/data/06_abt/abt_contratacao_ternaria_recorte_medicina_metadata.json
[OK] Resumo salvo em: /home/eq_lucas/Documents/projetos/federal-microdata-kdd/reports/logs/abt_logit_ternario_medicina_resumo.csv
================================================================================
BUILD ABT LOGIT TERNÁRIO | GERAL
================================================================================
[OK] Base carregada: /home/eq_lucas/Documents/projetos/federal-microdata-kdd/data/04_curated/parquet/inscricoes_fies_2019_2021.parquet
[OK] Linhas: 2197234 | Colunas: 119
[OK] Recorte geral aplicado | linhas: 2197234
[OK] ABT salva em: /home/eq_lucas/Documents/projetos/federal-microdata-kdd/data/06_abt/abt_contratacao_ternaria_recorte_geral.parquet
[OK] Metadados salvos em: /home/eq_lucas/Documents/projetos/federal-microdata-kdd/data/06_abt/abt_contratacao_ternaria_recorte_geral_metadata.json
[OK] Resumo salvo em: /home/eq_lucas/Documents/projetos/federal-microdata-kdd/reports/logs/abt_logit_ternario_geral_resumo.csv
================================================================================
BUILD ABT LOGIT TERNÁRIO | MEDICINA
================================================================================
[OK] Base carregada: /home/eq_lucas/Documents/projetos/federal-microdata-kdd/data/04_curated/parquet/inscricoes_fies_2019_2021.parquet
[OK] Linhas: 2197234 | Colunas: 119
[OK] Recorte Medicina aplicado por subarea_conhecimento | linhas: 324653
[OK] ABT salva em: /home/eq_lucas/Documents/projetos/federal-microdata-kdd/data/06_abt/abt_contratacao_ternaria_recorte_medicina.parquet
[OK] Metadados salvos em: /home/eq_lucas/Documents/projetos/federal-microdata-kdd/data/06_abt/abt_contratacao_ternaria_recorte_medicina_metadata.json
[OK] Resumo salvo em: /home/eq_lucas/Documents/projetos/federal-microdata-kdd/reports/logs/abt_logit_ternario_medicina_resumo.csv
================================================================================
BUILD ABT LOGIT TERNÁRIO | GERAL
================================================================================
[OK] Base carregada: /home/eq_lucas/Documents/projetos/federal-microdata-kdd/data/04_curated/parquet/inscricoes_fies_2019_2021.parquet
[OK] Linhas: 2197234 | Colunas: 119
[OK] Recorte geral aplicado | linhas: 2197234
[OK] ABT salva em: /home/eq_lucas/Documents/projetos/federal-microdata-kdd/data/06_abt/abt_contratacao_ternaria_recorte_geral.parquet
[OK] Metadados salvos em: /home/eq_lucas/Documents/projetos/federal-microdata-kdd/data/06_abt/abt_contratacao_ternaria_recorte_geral_metadata.json
[OK] Resumo salvo em: /home/eq_lucas/Documents/projetos/federal-microdata-kdd/reports/logs/abt_logit_ternario_geral_resumo.csv
================================================================================
BUILD ABT LOGIT TERNÁRIO | MEDICINA
================================================================================
[OK] Base carregada: /home/eq_lucas/Documents/projetos/federal-microdata-kdd/data/04_curated/parquet/inscricoes_fies_2019_2021.parquet
[OK] Linhas: 2197234 | Colunas: 119
[OK] Recorte Medicina aplicado por subarea_conhecimento | linhas: 324653
[OK] ABT salva em: /home/eq_lucas/Documents/projetos/federal-microdata-kdd/data/06_abt/abt_contratacao_ternaria_recorte_medicina.parquet
[OK] Metadados salvos em: /home/eq_lucas/Documents/projetos/federal-microdata-kdd/data/06_abt/abt_contratacao_ternaria_recorte_medicina_metadata.json
[OK] Resumo salvo em: /home/eq_lucas/Documents/projetos/federal-microdata-kdd/reports/logs/abt_logit_ternario_medicina_resumo.csv
================================================================================
BUILD ABT LOGIT TERNÁRIO | GERAL
================================================================================
[OK] Base carregada: /home/eq_lucas/Documents/projetos/federal-microdata-kdd/data/04_curated/parquet/inscricoes_fies_2019_2021.parquet
[OK] Linhas: 2197234 | Colunas: 119
[OK] Recorte geral aplicado | linhas: 2197234
[OK] ABT salva em: /home/eq_lucas/Documents/projetos/federal-microdata-kdd/data/06_abt/abt_contratacao_ternaria_recorte_geral.parquet
[OK] Metadados salvos em: /home/eq_lucas/Documents/projetos/federal-microdata-kdd/data/06_abt/abt_contratacao_ternaria_recorte_geral_metadata.json
[OK] Resumo salvo em: /home/eq_lucas/Documents/projetos/federal-microdata-kdd/reports/logs/abt_logit_ternario_geral_resumo.csv
================================================================================
BUILD ABT LOGIT TERNÁRIO | MEDICINA
================================================================================
[OK] Base carregada: /home/eq_lucas/Documents/projetos/federal-microdata-kdd/data/04_curated/parquet/inscricoes_fies_2019_2021.parquet
[OK] Linhas: 2197234 | Colunas: 119
[OK] Recorte Medicina aplicado por subarea_conhecimento | linhas: 324653
[OK] ABT salva em: /home/eq_lucas/Documents/projetos/federal-microdata-kdd/data/06_abt/abt_contratacao_ternaria_recorte_medicina.parquet
[OK] Metadados salvos em: /home/eq_lucas/Documents/projetos/federal-microdata-kdd/data/06_abt/abt_contratacao_ternaria_recorte_medicina_metadata.json
[OK] Resumo salvo em: /home/eq_lucas/Documents/projetos/federal-microdata-kdd/reports/logs/abt_logit_ternario_medicina_resumo.csv
================================================================================
BUILD ABT LOGIT TERNÁRIO | GERAL
================================================================================
[OK] Base carregada: /home/eq_lucas/Documents/projetos/federal-microdata-kdd/data/04_curated/parquet/inscricoes_fies_2019_2021.parquet
[OK] Linhas: 2197234 | Colunas: 119
[OK] Recorte geral aplicado | linhas: 2197234
[OK] ABT salva em: /home/eq_lucas/Documents/projetos/federal-microdata-kdd/data/06_abt/abt_contratacao_ternaria_recorte_geral.parquet
[OK] Metadados salvos em: /home/eq_lucas/Documents/projetos/federal-microdata-kdd/data/06_abt/abt_contratacao_ternaria_recorte_geral_metadata.json
[OK] Resumo salvo em: /home/eq_lucas/Documents/projetos/federal-microdata-kdd/reports/logs/abt_logit_ternario_geral_resumo.csv
================================================================================
BUILD ABT LOGIT TERNÁRIO | MEDICINA
================================================================================
[OK] Base carregada: /home/eq_lucas/Documents/projetos/federal-microdata-kdd/data/04_curated/parquet/inscricoes_fies_2019_2021.parquet
[OK] Linhas: 2197234 | Colunas: 119
[OK] Recorte Medicina aplicado por subarea_conhecimento | linhas: 324653
[OK] ABT salva em: /home/eq_lucas/Documents/projetos/federal-microdata-kdd/data/06_abt/abt_contratacao_ternaria_recorte_medicina.parquet
[OK] Metadados salvos em: /home/eq_lucas/Documents/projetos/federal-microdata-kdd/data/06_abt/abt_contratacao_ternaria_recorte_medicina_metadata.json
[OK] Resumo salvo em: /home/eq_lucas/Documents/projetos/federal-microdata-kdd/reports/logs/abt_logit_ternario_medicina_resumo.csv
