[OK] Tabela completa gerada: /home/eq_lucas/Documents/projetos/federal-microdata-kdd/reports/article/appendix/apendice_modelagem/treeClassification_19_profundidade_binario_recorte_geral/in_sample/geral/tabela_treeClassification_19_profundidade_binario_recorte_geral_in_sample.csv
[OK] Tabela compacta gerada: /home/eq_lucas/Documents/projetos/federal-microdata-kdd/reports/article/appendix/apendice_modelagem/treeClassification_19_profundidade_binario_recorte_geral/in_sample/geral/tabela_compacta_treeClassification_19_profundidade_binario_recorte_geral_in_sample.csv
[OK] Matriz de confusão gerada: /home/eq_lucas/Documents/projetos/federal-microdata-kdd/reports/article/appendix/apendice_modelagem/treeClassification_19_profundidade_binario_recorte_geral/in_sample/geral/matriz_confusao/matriz_confusao_treeClassification_19_profundidade_binario_recorte_geral_in_sample_e5.csv
[OK] Tabela completa gerada: /home/eq_lucas/Documents/projetos/federal-microdata-kdd/reports/article/appendix/apendice_modelagem/treeClassification_19_profundidade_binario_recorte_geral/holdout_80_20/geral/tabela_treeClassification_19_profundidade_binario_recorte_geral_holdout_80_20.csv
[OK] Tabela compacta gerada: /home/eq_lucas/Documents/projetos/federal-microdata-kdd/reports/article/appendix/apendice_modelagem/treeClassification_19_profundidade_binario_recorte_geral/holdout_80_20/geral/tabela_compacta_treeClassification_19_profundidade_binario_recorte_geral_holdout_80_20.csv
[OK] Matriz de confusão gerada: /home/eq_lucas/Documents/projetos/federal-microdata-kdd/reports/article/appendix/apendice_modelagem/treeClassification_19_profundidade_binario_recorte_geral/holdout_80_20/geral/matriz_confusao/matriz_confusao_treeClassification_19_profundidade_binario_recorte_geral_holdout_80_20_e5.csv
[OK] Resumo salvo em: /home/eq_lucas/Documents/projetos/federal-microdata-kdd/reports/logs/article_apendice_treeClassification_19_profundidade_resumo.csv
[OK] Tabela completa gerada: /home/eq_lucas/Documents/projetos/federal-microdata-kdd/reports/article/appendix/apendice_modelagem/treeClassification_19_profundidade_ternario_recorte_geral/in_sample/geral/tabela_treeClassification_19_profundidade_ternario_recorte_geral_in_sample.csv
[OK] Tabela compacta gerada: /home/eq_lucas/Documents/projetos/federal-microdata-kdd/reports/article/appendix/apendice_modelagem/treeClassification_19_profundidade_ternario_recorte_geral/in_sample/geral/tabela_compacta_treeClassification_19_profundidade_ternario_recorte_geral_in_sample.csv
[OK] Matriz de confusão gerada: /home/eq_lucas/Documents/projetos/federal-microdata-kdd/reports/article/appendix/apendice_modelagem/treeClassification_19_profundidade_ternario_recorte_geral/in_sample/geral/matriz_confusao/matriz_confusao_treeClassification_19_profundidade_ternario_recorte_geral_in_sample_e5.csv
[OK] Tabela completa gerada: /home/eq_lucas/Documents/projetos/federal-microdata-kdd/reports/article/appendix/apendice_modelagem/treeClassification_19_profundidade_ternario_recorte_geral/holdout_80_20/geral/tabela_treeClassification_19_profundidade_ternario_recorte_geral_holdout_80_20.csv
[OK] Tabela compacta gerada: /home/eq_lucas/Documents/projetos/federal-microdata-kdd/reports/article/appendix/apendice_modelagem/treeClassification_19_profundidade_ternario_recorte_geral/holdout_80_20/geral/tabela_compacta_treeClassification_19_profundidade_ternario_recorte_geral_holdout_80_20.csv
[OK] Matriz de confusão gerada: /home/eq_lucas/Documents/projetos/federal-microdata-kdd/reports/article/appendix/apendice_modelagem/treeClassification_19_profundidade_ternario_recorte_geral/holdout_80_20/geral/matriz_confusao/matriz_confusao_treeClassification_19_profundidade_ternario_recorte_geral_holdout_80_20_e5.csv
[OK] Resumo salvo em: /home/eq_lucas/Documents/projetos/federal-microdata-kdd/reports/logs/article_apendice_treeClassification_19_profundidade_resumo.csv
[OK] Tabela completa gerada: /home/eq_lucas/Documents/projetos/federal-microdata-kdd/reports/article/appendix/apendice_modelagem/treeClassification_19_profundidade_ternario_recorte_medicina/in_sample/medicina/tabela_treeClassification_19_profundidade_ternario_recorte_medicina_in_sample.csv
[OK] Tabela compacta gerada: /home/eq_lucas/Documents/projetos/federal-microdata-kdd/reports/article/appendix/apendice_modelagem/treeClassification_19_profundidade_ternario_recorte_medicina/in_sample/medicina/tabela_compacta_treeClassification_19_profundidade_ternario_recorte_medicina_in_sample.csv
[OK] Matriz de confusão gerada: /home/eq_lucas/Documents/projetos/federal-microdata-kdd/reports/article/appendix/apendice_modelagem/treeClassification_19_profundidade_ternario_recorte_medicina/in_sample/medicina/matriz_confusao/matriz_confusao_treeClassification_19_profundidade_ternario_recorte_medicina_in_sample_e5.csv
[OK] Tabela completa gerada: /home/eq_lucas/Documents/projetos/federal-microdata-kdd/reports/article/appendix/apendice_modelagem/treeClassification_19_profundidade_ternario_recorte_medicina/holdout_80_20/medicina/tabela_treeClassification_19_profundidade_ternario_recorte_medicina_holdout_80_20.csv
[OK] Tabela compacta gerada: /home/eq_lucas/Documents/projetos/federal-microdata-kdd/reports/article/appendix/apendice_modelagem/treeClassification_19_profundidade_ternario_recorte_medicina/holdout_80_20/medicina/tabela_compacta_treeClassification_19_profundidade_ternario_recorte_medicina_holdout_80_20.csv
[OK] Matriz de confusão gerada: /home/eq_lucas/Documents/projetos/federal-microdata-kdd/reports/article/appendix/apendice_modelagem/treeClassification_19_profundidade_ternario_recorte_medicina/holdout_80_20/medicina/matriz_confusao/matriz_confusao_treeClassification_19_profundidade_ternario_recorte_medicina_holdout_80_20_e5.csv
[OK] Resumo salvo em: /home/eq_lucas/Documents/projetos/federal-microdata-kdd/reports/logs/article_apendice_treeClassification_19_profundidade_resumo.csv
[OK] Tabela completa gerada: /home/eq_lucas/Documents/projetos/federal-microdata-kdd/reports/article/appendix/apendice_modelagem/treeClassification_19_profundidade_binario_recorte_geral/in_sample/geral/tabela_treeClassification_19_profundidade_binario_recorte_geral_in_sample.csv
[OK] Tabela compacta gerada: /home/eq_lucas/Documents/projetos/federal-microdata-kdd/reports/article/appendix/apendice_modelagem/treeClassification_19_profundidade_binario_recorte_geral/in_sample/geral/tabela_compacta_treeClassification_19_profundidade_binario_recorte_geral_in_sample.csv
[OK] Matriz de confusão gerada: /home/eq_lucas/Documents/projetos/federal-microdata-kdd/reports/article/appendix/apendice_modelagem/treeClassification_19_profundidade_binario_recorte_geral/in_sample/geral/matriz_confusao/matriz_confusao_treeClassification_19_profundidade_binario_recorte_geral_in_sample_e5.csv
[OK] Tabela completa gerada: /home/eq_lucas/Documents/projetos/federal-microdata-kdd/reports/article/appendix/apendice_modelagem/treeClassification_19_profundidade_binario_recorte_geral/holdout_80_20/geral/tabela_treeClassification_19_profundidade_binario_recorte_geral_holdout_80_20.csv
[OK] Tabela compacta gerada: /home/eq_lucas/Documents/projetos/federal-microdata-kdd/reports/article/appendix/apendice_modelagem/treeClassification_19_profundidade_binario_recorte_geral/holdout_80_20/geral/tabela_compacta_treeClassification_19_profundidade_binario_recorte_geral_holdout_80_20.csv
[OK] Matriz de confusão gerada: /home/eq_lucas/Documents/projetos/federal-microdata-kdd/reports/article/appendix/apendice_modelagem/treeClassification_19_profundidade_binario_recorte_geral/holdout_80_20/geral/matriz_confusao/matriz_confusao_treeClassification_19_profundidade_binario_recorte_geral_holdout_80_20_e5.csv
[OK] Resumo salvo em: /home/eq_lucas/Documents/projetos/federal-microdata-kdd/reports/logs/article_apendice_treeClassification_19_profundidade_resumo.csv
[OK] Tabela completa gerada: /home/eq_lucas/Documents/projetos/federal-microdata-kdd/reports/article/appendix/apendice_modelagem/treeClassification_19_profundidade_ternario_recorte_geral/in_sample/geral/tabela_treeClassification_19_profundidade_ternario_recorte_geral_in_sample.csv
[OK] Tabela compacta gerada: /home/eq_lucas/Documents/projetos/federal-microdata-kdd/reports/article/appendix/apendice_modelagem/treeClassification_19_profundidade_ternario_recorte_geral/in_sample/geral/tabela_compacta_treeClassification_19_profundidade_ternario_recorte_geral_in_sample.csv
[OK] Matriz de confusão gerada: /home/eq_lucas/Documents/projetos/federal-microdata-kdd/reports/article/appendix/apendice_modelagem/treeClassification_19_profundidade_ternario_recorte_geral/in_sample/geral/matriz_confusao/matriz_confusao_treeClassification_19_profundidade_ternario_recorte_geral_in_sample_e5.csv
[OK] Tabela completa gerada: /home/eq_lucas/Documents/projetos/federal-microdata-kdd/reports/article/appendix/apendice_modelagem/treeClassification_19_profundidade_ternario_recorte_geral/holdout_80_20/geral/tabela_treeClassification_19_profundidade_ternario_recorte_geral_holdout_80_20.csv
[OK] Tabela compacta gerada: /home/eq_lucas/Documents/projetos/federal-microdata-kdd/reports/article/appendix/apendice_modelagem/treeClassification_19_profundidade_ternario_recorte_geral/holdout_80_20/geral/tabela_compacta_treeClassification_19_profundidade_ternario_recorte_geral_holdout_80_20.csv
[OK] Matriz de confusão gerada: /home/eq_lucas/Documents/projetos/federal-microdata-kdd/reports/article/appendix/apendice_modelagem/treeClassification_19_profundidade_ternario_recorte_geral/holdout_80_20/geral/matriz_confusao/matriz_confusao_treeClassification_19_profundidade_ternario_recorte_geral_holdout_80_20_e5.csv
[OK] Resumo salvo em: /home/eq_lucas/Documents/projetos/federal-microdata-kdd/reports/logs/article_apendice_treeClassification_19_profundidade_resumo.csv
[OK] Tabela completa gerada: /home/eq_lucas/Documents/projetos/federal-microdata-kdd/reports/article/appendix/apendice_modelagem/treeClassification_19_profundidade_ternario_recorte_medicina/in_sample/medicina/tabela_treeClassification_19_profundidade_ternario_recorte_medicina_in_sample.csv
[OK] Tabela compacta gerada: /home/eq_lucas/Documents/projetos/federal-microdata-kdd/reports/article/appendix/apendice_modelagem/treeClassification_19_profundidade_ternario_recorte_medicina/in_sample/medicina/tabela_compacta_treeClassification_19_profundidade_ternario_recorte_medicina_in_sample.csv
[OK] Matriz de confusão gerada: /home/eq_lucas/Documents/projetos/federal-microdata-kdd/reports/article/appendix/apendice_modelagem/treeClassification_19_profundidade_ternario_recorte_medicina/in_sample/medicina/matriz_confusao/matriz_confusao_treeClassification_19_profundidade_ternario_recorte_medicina_in_sample_e5.csv
[OK] Tabela completa gerada: /home/eq_lucas/Documents/projetos/federal-microdata-kdd/reports/article/appendix/apendice_modelagem/treeClassification_19_profundidade_ternario_recorte_medicina/holdout_80_20/medicina/tabela_treeClassification_19_profundidade_ternario_recorte_medicina_holdout_80_20.csv
[OK] Tabela compacta gerada: /home/eq_lucas/Documents/projetos/federal-microdata-kdd/reports/article/appendix/apendice_modelagem/treeClassification_19_profundidade_ternario_recorte_medicina/holdout_80_20/medicina/tabela_compacta_treeClassification_19_profundidade_ternario_recorte_medicina_holdout_80_20.csv
[OK] Matriz de confusão gerada: /home/eq_lucas/Documents/projetos/federal-microdata-kdd/reports/article/appendix/apendice_modelagem/treeClassification_19_profundidade_ternario_recorte_medicina/holdout_80_20/medicina/matriz_confusao/matriz_confusao_treeClassification_19_profundidade_ternario_recorte_medicina_holdout_80_20_e5.csv
[OK] Resumo salvo em: /home/eq_lucas/Documents/projetos/federal-microdata-kdd/reports/logs/article_apendice_treeClassification_19_profundidade_resumo.csv
[OK] Tabela completa gerada: /home/eq_lucas/Documents/projetos/federal-microdata-kdd/reports/article/appendix/apendice_modelagem/treeClassification_19_profundidade_binario_recorte_geral/in_sample/geral/tabela_treeClassification_19_profundidade_binario_recorte_geral_in_sample.csv
[OK] Tabela compacta gerada: /home/eq_lucas/Documents/projetos/federal-microdata-kdd/reports/article/appendix/apendice_modelagem/treeClassification_19_profundidade_binario_recorte_geral/in_sample/geral/tabela_compacta_treeClassification_19_profundidade_binario_recorte_geral_in_sample.csv
[OK] Matriz de confusão gerada: /home/eq_lucas/Documents/projetos/federal-microdata-kdd/reports/article/appendix/apendice_modelagem/treeClassification_19_profundidade_binario_recorte_geral/in_sample/geral/matriz_confusao/matriz_confusao_treeClassification_19_profundidade_binario_recorte_geral_in_sample_e5.csv
[OK] Tabela completa gerada: /home/eq_lucas/Documents/projetos/federal-microdata-kdd/reports/article/appendix/apendice_modelagem/treeClassification_19_profundidade_binario_recorte_geral/holdout_80_20/geral/tabela_treeClassification_19_profundidade_binario_recorte_geral_holdout_80_20.csv
[OK] Tabela compacta gerada: /home/eq_lucas/Documents/projetos/federal-microdata-kdd/reports/article/appendix/apendice_modelagem/treeClassification_19_profundidade_binario_recorte_geral/holdout_80_20/geral/tabela_compacta_treeClassification_19_profundidade_binario_recorte_geral_holdout_80_20.csv
[OK] Matriz de confusão gerada: /home/eq_lucas/Documents/projetos/federal-microdata-kdd/reports/article/appendix/apendice_modelagem/treeClassification_19_profundidade_binario_recorte_geral/holdout_80_20/geral/matriz_confusao/matriz_confusao_treeClassification_19_profundidade_binario_recorte_geral_holdout_80_20_e5.csv
[OK] Resumo salvo em: /home/eq_lucas/Documents/projetos/federal-microdata-kdd/reports/logs/article_apendice_treeClassification_19_profundidade_resumo.csv
[OK] Tabela completa gerada: /home/eq_lucas/Documents/projetos/federal-microdata-kdd/reports/article/appendix/apendice_modelagem/treeClassification_19_profundidade_ternario_recorte_geral/in_sample/geral/tabela_treeClassification_19_profundidade_ternario_recorte_geral_in_sample.csv
[OK] Tabela compacta gerada: /home/eq_lucas/Documents/projetos/federal-microdata-kdd/reports/article/appendix/apendice_modelagem/treeClassification_19_profundidade_ternario_recorte_geral/in_sample/geral/tabela_compacta_treeClassification_19_profundidade_ternario_recorte_geral_in_sample.csv
[OK] Matriz de confusão gerada: /home/eq_lucas/Documents/projetos/federal-microdata-kdd/reports/article/appendix/apendice_modelagem/treeClassification_19_profundidade_ternario_recorte_geral/in_sample/geral/matriz_confusao/matriz_confusao_treeClassification_19_profundidade_ternario_recorte_geral_in_sample_e5.csv
[OK] Tabela completa gerada: /home/eq_lucas/Documents/projetos/federal-microdata-kdd/reports/article/appendix/apendice_modelagem/treeClassification_19_profundidade_ternario_recorte_geral/holdout_80_20/geral/tabela_treeClassification_19_profundidade_ternario_recorte_geral_holdout_80_20.csv
[OK] Tabela compacta gerada: /home/eq_lucas/Documents/projetos/federal-microdata-kdd/reports/article/appendix/apendice_modelagem/treeClassification_19_profundidade_ternario_recorte_geral/holdout_80_20/geral/tabela_compacta_treeClassification_19_profundidade_ternario_recorte_geral_holdout_80_20.csv
[OK] Matriz de confusão gerada: /home/eq_lucas/Documents/projetos/federal-microdata-kdd/reports/article/appendix/apendice_modelagem/treeClassification_19_profundidade_ternario_recorte_geral/holdout_80_20/geral/matriz_confusao/matriz_confusao_treeClassification_19_profundidade_ternario_recorte_geral_holdout_80_20_e5.csv
[OK] Resumo salvo em: /home/eq_lucas/Documents/projetos/federal-microdata-kdd/reports/logs/article_apendice_treeClassification_19_profundidade_resumo.csv
[OK] Tabela completa gerada: /home/eq_lucas/Documents/projetos/federal-microdata-kdd/reports/article/appendix/apendice_modelagem/treeClassification_19_profundidade_ternario_recorte_medicina/in_sample/medicina/tabela_treeClassification_19_profundidade_ternario_recorte_medicina_in_sample.csv
[OK] Tabela compacta gerada: /home/eq_lucas/Documents/projetos/federal-microdata-kdd/reports/article/appendix/apendice_modelagem/treeClassification_19_profundidade_ternario_recorte_medicina/in_sample/medicina/tabela_compacta_treeClassification_19_profundidade_ternario_recorte_medicina_in_sample.csv
[OK] Matriz de confusão gerada: /home/eq_lucas/Documents/projetos/federal-microdata-kdd/reports/article/appendix/apendice_modelagem/treeClassification_19_profundidade_ternario_recorte_medicina/in_sample/medicina/matriz_confusao/matriz_confusao_treeClassification_19_profundidade_ternario_recorte_medicina_in_sample_e5.csv
[OK] Tabela completa gerada: /home/eq_lucas/Documents/projetos/federal-microdata-kdd/reports/article/appendix/apendice_modelagem/treeClassification_19_profundidade_ternario_recorte_medicina/holdout_80_20/medicina/tabela_treeClassification_19_profundidade_ternario_recorte_medicina_holdout_80_20.csv
[OK] Tabela compacta gerada: /home/eq_lucas/Documents/projetos/federal-microdata-kdd/reports/article/appendix/apendice_modelagem/treeClassification_19_profundidade_ternario_recorte_medicina/holdout_80_20/medicina/tabela_compacta_treeClassification_19_profundidade_ternario_recorte_medicina_holdout_80_20.csv
[OK] Matriz de confusão gerada: /home/eq_lucas/Documents/projetos/federal-microdata-kdd/reports/article/appendix/apendice_modelagem/treeClassification_19_profundidade_ternario_recorte_medicina/holdout_80_20/medicina/matriz_confusao/matriz_confusao_treeClassification_19_profundidade_ternario_recorte_medicina_holdout_80_20_e5.csv
[OK] Resumo salvo em: /home/eq_lucas/Documents/projetos/federal-microdata-kdd/reports/logs/article_apendice_treeClassification_19_profundidade_resumo.csv
