================================================================================
ARTICLE: TABELAS DE DISTRIBUIÇÃO
================================================================================
[OK] Base carregada: /home/eq_lucas/Documents/projetos/federal-microdata-kdd/data/04_curated/parquet/inscricoes_fies_2019_2021.parquet
[OK] Linhas: 2197234 | Colunas: 119
[OK] Tabela 1 gerada em: /home/eq_lucas/Documents/projetos/federal-microdata-kdd/reports/article/tables/secao_4_2
[OK] Tabela B1 gerada em: /home/eq_lucas/Documents/projetos/federal-microdata-kdd/reports/article/appendix/apendice_b
[OK] Resumo salvo em: /home/eq_lucas/Documents/projetos/federal-microdata-kdd/reports/logs/article_tabelas_distribuicao_resumo.csv
Tabelas de distribuição concluídas.
================================================================================
ARTICLE: TABELAS DE DISTRIBUIÇÃO
================================================================================
================================================================================
ARTICLE: TABELAS DE DISTRIBUIÇÃO
================================================================================
[OK] Base carregada: /home/eq_lucas/Documents/projetos/federal-microdata-kdd/data/04_curated/parquet/inscricoes_fies_2019_2021.parquet
[OK] Linhas: 2197234 | Colunas: 119
[OK] Tabela 1 gerada em: /home/eq_lucas/Documents/projetos/federal-microdata-kdd/reports/article/tables/secao_4_2
[OK] Tabela B1 gerada em: /home/eq_lucas/Documents/projetos/federal-microdata-kdd/reports/article/appendix/apendice_b
[OK] Resumo salvo em: /home/eq_lucas/Documents/projetos/federal-microdata-kdd/reports/logs/article_tabelas_distribuicao_resumo.csv
Tabelas de distribuição concluídas.
================================================================================
ARTICLE: TABELAS DE DISTRIBUIÇÃO
================================================================================
[OK] Base carregada: /home/eq_lucas/Documents/projetos/federal-microdata-kdd/data/04_curated/parquet/inscricoes_fies_2019_2021.parquet
[OK] Linhas: 2197234 | Colunas: 119
[OK] Tabela 1 gerada em: /home/eq_lucas/Documents/projetos/federal-microdata-kdd/reports/article/tables/secao_4_2
[OK] Tabela B1 gerada em: /home/eq_lucas/Documents/projetos/federal-microdata-kdd/reports/article/appendix/apendice_b
[OK] Resumo salvo em: /home/eq_lucas/Documents/projetos/federal-microdata-kdd/reports/logs/article_tabelas_distribuicao_resumo.csv
Tabelas de distribuição concluídas.
