================================================================================
ARTICLE: TAXAS DE CONVERSÃO
================================================================================
[OK] Dados preparados | linhas: 368
[OK] Áreas: 12
[OK] Taxas: ['taxa_conversao_inscritos', 'taxa_conversao_curso_priorizado']
[OK] CSV salvo em: /home/eq_lucas/Documents/projetos/federal-microdata-kdd/reports/article/tables/taxas_conversao/taxa_conversao_inscritos_dados.csv
[OK] LaTeX salvo em: /home/eq_lucas/Documents/projetos/federal-microdata-kdd/reports/article/tables/taxas_conversao/taxa_conversao_inscritos_dados.tex
[OK] CSV salvo em: /home/eq_lucas/Documents/projetos/federal-microdata-kdd/reports/article/tables/taxas_conversao/taxa_conversao_curso_priorizado_dados.csv
[OK] LaTeX salvo em: /home/eq_lucas/Documents/projetos/federal-microdata-kdd/reports/article/tables/taxas_conversao/taxa_conversao_curso_priorizado_dados.tex
[OK] Resumo salvo em: /home/eq_lucas/Documents/projetos/federal-microdata-kdd/reports/logs/article_taxas_conversao_resumo.csv
[OK] Figuras salvas em: /home/eq_lucas/Documents/projetos/federal-microdata-kdd/reports/article/figures/taxas_conversao
Article taxas_conversao concluído.
================================================================================
ARTICLE: TAXAS DE CONVERSÃO
================================================================================
[OK] Dados preparados | linhas: 368
[OK] Áreas: 12
[OK] Taxas: ['taxa_conversao_inscritos', 'taxa_conversao_curso_priorizado']
[OK] CSV salvo em: /home/eq_lucas/Documents/projetos/federal-microdata-kdd/reports/article/tables/taxas_conversao/taxa_conversao_inscritos_dados.csv
[OK] LaTeX salvo em: /home/eq_lucas/Documents/projetos/federal-microdata-kdd/reports/article/tables/taxas_conversao/taxa_conversao_inscritos_dados.tex
[OK] CSV salvo em: /home/eq_lucas/Documents/projetos/federal-microdata-kdd/reports/article/tables/taxas_conversao/taxa_conversao_curso_priorizado_dados.csv
[OK] LaTeX salvo em: /home/eq_lucas/Documents/projetos/federal-microdata-kdd/reports/article/tables/taxas_conversao/taxa_conversao_curso_priorizado_dados.tex
[OK] Resumo salvo em: /home/eq_lucas/Documents/projetos/federal-microdata-kdd/reports/logs/article_taxas_conversao_resumo.csv
[OK] Figuras salvas em: /home/eq_lucas/Documents/projetos/federal-microdata-kdd/reports/article/figures/taxas_conversao
Article taxas_conversao concluído.
