[OK] Tabela completa gerada: /home/eq_lucas/Documents/projetos/federal-microdata-kdd/reports/article/appendix/apendice_modelagem/logit_binario/in_sample/geral/tabela_logit_binario_geral_in_sample.csv
[OK] Tabela compacta gerada: /home/eq_lucas/Documents/projetos/federal-microdata-kdd/reports/article/appendix/apendice_modelagem/logit_binario/in_sample/geral/tabela_compacta_logit_binario_geral_in_sample.csv
[OK] Matriz de confusão gerada: /home/eq_lucas/Documents/projetos/federal-microdata-kdd/reports/article/appendix/apendice_modelagem/logit_binario/in_sample/geral/matriz_confusao/matriz_confusao_logit_binario_geral_in_sample_e5.csv
[OK] Tabela completa gerada: /home/eq_lucas/Documents/projetos/federal-microdata-kdd/reports/article/appendix/apendice_modelagem/logit_binario/holdout_80_20/geral/tabela_logit_binario_geral_holdout_80_20.csv
[OK] Tabela compacta gerada: /home/eq_lucas/Documents/projetos/federal-microdata-kdd/reports/article/appendix/apendice_modelagem/logit_binario/holdout_80_20/geral/tabela_compacta_logit_binario_geral_holdout_80_20.csv
[OK] Matriz de confusão gerada: /home/eq_lucas/Documents/projetos/federal-microdata-kdd/reports/article/appendix/apendice_modelagem/logit_binario/holdout_80_20/geral/matriz_confusao/matriz_confusao_logit_binario_geral_holdout_80_20_e5.csv
[OK] Resumo salvo em: /home/eq_lucas/Documents/projetos/federal-microdata-kdd/reports/logs/article_apendice_logit_binario_resumo.csv
[OK] Tabela completa gerada: /home/eq_lucas/Documents/projetos/federal-microdata-kdd/reports/article/appendix/apendice_modelagem/logit_binario/in_sample/geral/tabela_logit_binario_geral_in_sample.csv
[OK] Tabela compacta gerada: /home/eq_lucas/Documents/projetos/federal-microdata-kdd/reports/article/appendix/apendice_modelagem/logit_binario/in_sample/geral/tabela_compacta_logit_binario_geral_in_sample.csv
[OK] Matriz de confusão gerada: /home/eq_lucas/Documents/projetos/federal-microdata-kdd/reports/article/appendix/apendice_modelagem/logit_binario/in_sample/geral/matriz_confusao/matriz_confusao_logit_binario_geral_in_sample_e5.csv
[OK] Tabela completa gerada: /home/eq_lucas/Documents/projetos/federal-microdata-kdd/reports/article/appendix/apendice_modelagem/logit_binario/holdout_80_20/geral/tabela_logit_binario_geral_holdout_80_20.csv
[OK] Tabela compacta gerada: /home/eq_lucas/Documents/projetos/federal-microdata-kdd/reports/article/appendix/apendice_modelagem/logit_binario/holdout_80_20/geral/tabela_compacta_logit_binario_geral_holdout_80_20.csv
[OK] Matriz de confusão gerada: /home/eq_lucas/Documents/projetos/federal-microdata-kdd/reports/article/appendix/apendice_modelagem/logit_binario/holdout_80_20/geral/matriz_confusao/matriz_confusao_logit_binario_geral_holdout_80_20_e5.csv
[OK] Resumo salvo em: /home/eq_lucas/Documents/projetos/federal-microdata-kdd/reports/logs/article_apendice_logit_binario_resumo.csv
[OK] Tabela completa gerada: /home/eq_lucas/Documents/projetos/federal-microdata-kdd/reports/article/appendix/apendice_modelagem/logit_binario/in_sample/geral/tabela_logit_binario_geral_in_sample.csv
[OK] Tabela compacta gerada: /home/eq_lucas/Documents/projetos/federal-microdata-kdd/reports/article/appendix/apendice_modelagem/logit_binario/in_sample/geral/tabela_compacta_logit_binario_geral_in_sample.csv
[OK] Matriz de confusão gerada: /home/eq_lucas/Documents/projetos/federal-microdata-kdd/reports/article/appendix/apendice_modelagem/logit_binario/in_sample/geral/matriz_confusao/matriz_confusao_logit_binario_geral_in_sample_e5.csv
[OK] Tabela completa gerada: /home/eq_lucas/Documents/projetos/federal-microdata-kdd/reports/article/appendix/apendice_modelagem/logit_binario/holdout_80_20/geral/tabela_logit_binario_geral_holdout_80_20.csv
[OK] Tabela compacta gerada: /home/eq_lucas/Documents/projetos/federal-microdata-kdd/reports/article/appendix/apendice_modelagem/logit_binario/holdout_80_20/geral/tabela_compacta_logit_binario_geral_holdout_80_20.csv
[OK] Matriz de confusão gerada: /home/eq_lucas/Documents/projetos/federal-microdata-kdd/reports/article/appendix/apendice_modelagem/logit_binario/holdout_80_20/geral/matriz_confusao/matriz_confusao_logit_binario_geral_holdout_80_20_e5.csv
[OK] Resumo salvo em: /home/eq_lucas/Documents/projetos/federal-microdata-kdd/reports/logs/article_apendice_logit_binario_resumo.csv
