[INÍCIO] geral | in_sample | E1 | n_treino=1184972 | n_teste=1184972 | blocos=3
[OK] Modelo salvo em: /home/eq_lucas/Documents/projetos/federal-microdata-kdd/models/general/logit_binario/in_sample/logit_binario_e1.joblib
[INÍCIO] geral | in_sample | E2 | n_treino=1184972 | n_teste=1184972 | blocos=6
[OK] Modelo salvo em: /home/eq_lucas/Documents/projetos/federal-microdata-kdd/models/general/logit_binario/in_sample/logit_binario_e2.joblib
[INÍCIO] geral | in_sample | E3 | n_treino=1184972 | n_teste=1184972 | blocos=10
[OK] Modelo salvo em: /home/eq_lucas/Documents/projetos/federal-microdata-kdd/models/general/logit_binario/in_sample/logit_binario_e3.joblib
[INÍCIO] geral | in_sample | E4 | n_treino=1184972 | n_teste=1184972 | blocos=14
[OK] Modelo salvo em: /home/eq_lucas/Documents/projetos/federal-microdata-kdd/models/general/logit_binario/in_sample/logit_binario_e4.joblib
[INÍCIO] geral | in_sample | E5 | n_treino=1184972 | n_teste=1184972 | blocos=20
[OK] Modelo salvo em: /home/eq_lucas/Documents/projetos/federal-microdata-kdd/models/general/logit_binario/in_sample/logit_binario_e5.joblib
[OK] Métricas salvas em: /home/eq_lucas/Documents/projetos/federal-microdata-kdd/reports/diagnostics/modeling/logit_binario/in_sample/geral/logit_binario_experimentos_metricas.csv
[OK] Coeficientes salvos em: /home/eq_lucas/Documents/projetos/federal-microdata-kdd/reports/diagnostics/modeling/logit_binario/in_sample/geral/logit_binario_coeficientes.csv
[INÍCIO] geral | holdout_80_20 | E1 | n_treino=947977 | n_teste=236995 | blocos=3
[OK] Modelo salvo em: /home/eq_lucas/Documents/projetos/federal-microdata-kdd/models/general/logit_binario/holdout_80_20/logit_binario_e1.joblib
[INÍCIO] geral | holdout_80_20 | E2 | n_treino=947977 | n_teste=236995 | blocos=6
[OK] Modelo salvo em: /home/eq_lucas/Documents/projetos/federal-microdata-kdd/models/general/logit_binario/holdout_80_20/logit_binario_e2.joblib
[INÍCIO] geral | holdout_80_20 | E3 | n_treino=947977 | n_teste=236995 | blocos=10
[OK] Modelo salvo em: /home/eq_lucas/Documents/projetos/federal-microdata-kdd/models/general/logit_binario/holdout_80_20/logit_binario_e3.joblib
[INÍCIO] geral | holdout_80_20 | E4 | n_treino=947977 | n_teste=236995 | blocos=14
[OK] Modelo salvo em: /home/eq_lucas/Documents/projetos/federal-microdata-kdd/models/general/logit_binario/holdout_80_20/logit_binario_e4.joblib
[INÍCIO] geral | holdout_80_20 | E5 | n_treino=947977 | n_teste=236995 | blocos=20
[OK] Modelo salvo em: /home/eq_lucas/Documents/projetos/federal-microdata-kdd/models/general/logit_binario/holdout_80_20/logit_binario_e5.joblib
[OK] Métricas salvas em: /home/eq_lucas/Documents/projetos/federal-microdata-kdd/reports/diagnostics/modeling/logit_binario/holdout_80_20/geral/logit_binario_experimentos_metricas.csv
[OK] Coeficientes salvos em: /home/eq_lucas/Documents/projetos/federal-microdata-kdd/reports/diagnostics/modeling/logit_binario/holdout_80_20/geral/logit_binario_coeficientes.csv
[INÍCIO] geral | in_sample | E1 | n_treino=1184972 | n_teste=1184972 | blocos=3
[OK] Modelo salvo em: /home/eq_lucas/Documents/projetos/federal-microdata-kdd/models/general/logit_binario/in_sample/logit_binario_e1.joblib
[INÍCIO] geral | in_sample | E2 | n_treino=1184972 | n_teste=1184972 | blocos=6
[OK] Modelo salvo em: /home/eq_lucas/Documents/projetos/federal-microdata-kdd/models/general/logit_binario/in_sample/logit_binario_e2.joblib
[INÍCIO] geral | in_sample | E3 | n_treino=1184972 | n_teste=1184972 | blocos=10
[OK] Modelo salvo em: /home/eq_lucas/Documents/projetos/federal-microdata-kdd/models/general/logit_binario/in_sample/logit_binario_e3.joblib
[INÍCIO] geral | in_sample | E4 | n_treino=1184972 | n_teste=1184972 | blocos=14
[OK] Modelo salvo em: /home/eq_lucas/Documents/projetos/federal-microdata-kdd/models/general/logit_binario/in_sample/logit_binario_e4.joblib
[INÍCIO] geral | in_sample | E5 | n_treino=1184972 | n_teste=1184972 | blocos=20
[OK] Modelo salvo em: /home/eq_lucas/Documents/projetos/federal-microdata-kdd/models/general/logit_binario/in_sample/logit_binario_e5.joblib
[OK] Métricas salvas em: /home/eq_lucas/Documents/projetos/federal-microdata-kdd/reports/diagnostics/modeling/logit_binario/in_sample/geral/logit_binario_experimentos_metricas.csv
[OK] Coeficientes salvos em: /home/eq_lucas/Documents/projetos/federal-microdata-kdd/reports/diagnostics/modeling/logit_binario/in_sample/geral/logit_binario_coeficientes.csv
[INÍCIO] geral | holdout_80_20 | E1 | n_treino=947977 | n_teste=236995 | blocos=3
[OK] Modelo salvo em: /home/eq_lucas/Documents/projetos/federal-microdata-kdd/models/general/logit_binario/holdout_80_20/logit_binario_e1.joblib
[INÍCIO] geral | holdout_80_20 | E2 | n_treino=947977 | n_teste=236995 | blocos=6
[OK] Modelo salvo em: /home/eq_lucas/Documents/projetos/federal-microdata-kdd/models/general/logit_binario/holdout_80_20/logit_binario_e2.joblib
[INÍCIO] geral | holdout_80_20 | E3 | n_treino=947977 | n_teste=236995 | blocos=10
[OK] Modelo salvo em: /home/eq_lucas/Documents/projetos/federal-microdata-kdd/models/general/logit_binario/holdout_80_20/logit_binario_e3.joblib
[INÍCIO] geral | holdout_80_20 | E4 | n_treino=947977 | n_teste=236995 | blocos=14
[OK] Modelo salvo em: /home/eq_lucas/Documents/projetos/federal-microdata-kdd/models/general/logit_binario/holdout_80_20/logit_binario_e4.joblib
[INÍCIO] geral | holdout_80_20 | E5 | n_treino=947977 | n_teste=236995 | blocos=20
[OK] Modelo salvo em: /home/eq_lucas/Documents/projetos/federal-microdata-kdd/models/general/logit_binario/holdout_80_20/logit_binario_e5.joblib
[OK] Métricas salvas em: /home/eq_lucas/Documents/projetos/federal-microdata-kdd/reports/diagnostics/modeling/logit_binario/holdout_80_20/geral/logit_binario_experimentos_metricas.csv
[OK] Coeficientes salvos em: /home/eq_lucas/Documents/projetos/federal-microdata-kdd/reports/diagnostics/modeling/logit_binario/holdout_80_20/geral/logit_binario_coeficientes.csv
