================================================================================
TRANSFORM: CLASSIFICAÇÃO DE MODALIDADE
================================================================================
[OK] Inscrições carregadas | linhas: 2197234 | colunas: 76
[OK] Ofertas carregadas | linhas: 143623 | colunas: 81
[OK] Ofertas P-FIES preparadas | chaves únicas: 143623
[OK] Auditoria P-FIES salva em: /home/eq_lucas/Documents/projetos/federal-microdata-kdd/reports/logs/transform_modalidade_auditoria_ofertas_pfies.csv
[OK] Matriz ano × modalidade salva em: /home/eq_lucas/Documents/projetos/federal-microdata-kdd/reports/logs/transform_modalidade_matriz_ano_modalidade.csv
[OK] Resumo salvo em: /home/eq_lucas/Documents/projetos/federal-microdata-kdd/reports/logs/transform_modalidade_resumo.csv
[OK] Arquivo com modalidade salvo em: /home/eq_lucas/Documents/projetos/federal-microdata-kdd/data/03_interim/fies/fies_inscricoes_com_modalidade.parquet
Classificação de modalidade concluída.
================================================================================
TRANSFORM: CLASSIFICAÇÃO DE MODALIDADE
================================================================================
[OK] Inscrições carregadas | linhas: 2197234 | colunas: 76
[OK] Ofertas carregadas | linhas: 143623 | colunas: 81
[OK] Ofertas P-FIES preparadas | chaves únicas: 143623
[OK] Auditoria P-FIES salva em: /home/eq_lucas/Documents/projetos/federal-microdata-kdd/reports/logs/transform_modalidade_auditoria_ofertas_pfies.csv
[OK] Matriz ano × modalidade salva em: /home/eq_lucas/Documents/projetos/federal-microdata-kdd/reports/logs/transform_modalidade_matriz_ano_modalidade.csv
[OK] Resumo salvo em: /home/eq_lucas/Documents/projetos/federal-microdata-kdd/reports/logs/transform_modalidade_resumo.csv
[OK] Arquivo com modalidade salvo em: /home/eq_lucas/Documents/projetos/federal-microdata-kdd/data/03_interim/fies/fies_inscricoes_com_modalidade.parquet
Classificação de modalidade concluída.
